[09-10-2017 13:08:43:426][D:\Jenkins\workspace\Repo\RS3.0_FW3.0\Main\Dev\LSProjects\Framework\Code\CoreLib\ArgumentString.cpp 91 ls::ArgumentString::Dump]: -testAIStart - DivinityOrigins:FJ_FortJoy_Main
[09-10-2017 13:08:43:426][D:\Jenkins\workspace\Repo\RS3.0_FW3.0\Main\Dev\LSProjects\Framework\Code\CoreLib\ArgumentString.cpp 91 ls::ArgumentString::Dump]: -asserts - 0
[09-10-2017 13:11:05:224][D:\Jenkins\workspace\Repo\RS3.0_FW3.0\Main\Dev\LSProjects\Framework\Code\CoreLib\InputManager.cpp 489 ls::InputManager::RegisterDevice]: Input device connected: 0
[09-10-2017 13:11:05:273][D:\Jenkins\workspace\Repo\RS3.0_FW3.0\Main\Dev\LSProjects\Framework\Code\CoreLib\InputManager.cpp 489 ls::InputManager::RegisterDevice]: Input device connected: 1
[09-10-2017 13:11:05:965][D:\Jenkins\workspace\Repo\RS3.0_FW3.0\Main\Dev\LSProjects\Framework\Code\GameNet\AddressManager.cpp 304 net::AddressManager::AddAddress]: 
[PeerID]   [Type]       [Address]                 [GUID]                [UserID]
  0        Local        10.10.0.154:5384          2337795208449236741   

[09-10-2017 13:11:05:966][D:\Jenkins\workspace\Repo\RS3.0_FW3.0\Main\Dev\LSProjects\Framework\Code\GameNet\AbstractPeer.cpp 2125 net::AbstractPeer::BindSocket]: Binding socket to port 5384 ... RAKNET_STARTED
[09-10-2017 13:11:05:966][D:\Jenkins\workspace\Repo\RS3.0_FW3.0\Main\Dev\LSProjects\Framework\Code\GameNet\AddressManager.cpp 304 net::AddressManager::AddAddress]: 
[PeerID]   [Type]       [Address]                 [GUID]                [UserID]
  0        Local        10.10.0.154:4600          16048969918535311123  

[09-10-2017 13:11:05:966][D:\Jenkins\workspace\Repo\RS3.0_FW3.0\Main\Dev\LSProjects\Framework\Code\GameNet\AbstractPeer.cpp 2125 net::AbstractPeer::BindSocket]: Binding socket to port 4600 ... RAKNET_STARTED
